.next/dev/types/app/creator/create/page.ts(2,24): error TS2307: Cannot find module '../../../../../../src/app/creator/create/page.js' or its corresponding type declarations.
.next/dev/types/app/creator/create/page.ts(7,29): error TS2307: Cannot find module '../../../../../../src/app/creator/create/page.js' or its corresponding type declarations.
.next/dev/types/app/creator/layout.ts(2,24): error TS2307: Cannot find module '../../../../../src/app/creator/layout.js' or its corresponding type declarations.
.next/dev/types/app/creator/layout.ts(7,29): error TS2307: Cannot find module '../../../../../src/app/creator/layout.js' or its corresponding type declarations.
src/app/admin/page.tsx(38,18): error TS2769: No overload matches this call.
  Overload 1 of 2, '(props: { component: ElementType<any, keyof IntrinsicElements>; } & GridBaseProps & { sx?: SxProps<Theme> | undefined; } & SystemProps<...> & Omit<...>): Element | null', gave the following error.
    Property 'component' is missing in type '{ children: Element; item: true; xs: number; sm: number; md: number; }' but required in type '{ component: ElementType<any, keyof IntrinsicElements>; }'.
  Overload 2 of 2, '(props: DefaultComponentProps<GridTypeMap<{}, "div">>): Element | null', gave the following error.
    Type '{ children: Element; item: true; xs: number; sm: number; md: number; }' is not assignable to type 'IntrinsicAttributes & GridBaseProps & { sx?: SxProps<Theme> | undefined; } & SystemProps<Theme> & Omit<...>'.
      Property 'item' does not exist on type 'IntrinsicAttributes & GridBaseProps & { sx?: SxProps<Theme> | undefined; } & SystemProps<Theme> & Omit<...>'.
src/app/admin/page.tsx(48,18): error TS2769: No overload matches this call.
  Overload 1 of 2, '(props: { component: ElementType<any, keyof IntrinsicElements>; } & GridBaseProps & { sx?: SxProps<Theme> | undefined; } & SystemProps<...> & Omit<...>): Element | null', gave the following error.
    Property 'component' is missing in type '{ children: Element; item: true; xs: number; sm: number; md: number; }' but required in type '{ component: ElementType<any, keyof IntrinsicElements>; }'.
  Overload 2 of 2, '(props: DefaultComponentProps<GridTypeMap<{}, "div">>): Element | null', gave the following error.
    Type '{ children: Element; item: true; xs: number; sm: number; md: number; }' is not assignable to type 'IntrinsicAttributes & GridBaseProps & { sx?: SxProps<Theme> | undefined; } & SystemProps<Theme> & Omit<...>'.
      Property 'item' does not exist on type 'IntrinsicAttributes & GridBaseProps & { sx?: SxProps<Theme> | undefined; } & SystemProps<Theme> & Omit<...>'.
src/app/admin/page.tsx(60,18): error TS2769: No overload matches this call.
  Overload 1 of 2, '(props: { component: ElementType<any, keyof IntrinsicElements>; } & GridBaseProps & { sx?: SxProps<Theme> | undefined; } & SystemProps<...> & Omit<...>): Element | null', gave the following error.
    Property 'component' is missing in type '{ children: Element; item: true; xs: number; md: number; }' but required in type '{ component: ElementType<any, keyof IntrinsicElements>; }'.
  Overload 2 of 2, '(props: DefaultComponentProps<GridTypeMap<{}, "div">>): Element | null', gave the following error.
    Type '{ children: Element; item: true; xs: number; md: number; }' is not assignable to type 'IntrinsicAttributes & GridBaseProps & { sx?: SxProps<Theme> | undefined; } & SystemProps<Theme> & Omit<...>'.
      Property 'item' does not exist on type 'IntrinsicAttributes & GridBaseProps & { sx?: SxProps<Theme> | undefined; } & SystemProps<Theme> & Omit<...>'.
src/app/admin/page.tsx(65,34): error TS2769: No overload matches this call.
  Overload 1 of 2, '(props: { component: ElementType<any, keyof IntrinsicElements>; } & GridBaseProps & { sx?: SxProps<Theme> | undefined; } & SystemProps<...> & Omit<...>): Element | null', gave the following error.
    Property 'component' is missing in type '{ children: Element; item: true; xs: number; }' but required in type '{ component: ElementType<any, keyof IntrinsicElements>; }'.
  Overload 2 of 2, '(props: DefaultComponentProps<GridTypeMap<{}, "div">>): Element | null', gave the following error.
    Type '{ children: Element; item: true; xs: number; }' is not assignable to type 'IntrinsicAttributes & GridBaseProps & { sx?: SxProps<Theme> | undefined; } & SystemProps<Theme> & Omit<...>'.
      Property 'item' does not exist on type 'IntrinsicAttributes & GridBaseProps & { sx?: SxProps<Theme> | undefined; } & SystemProps<Theme> & Omit<...>'.
src/app/admin/page.tsx(72,34): error TS2769: No overload matches this call.
  Overload 1 of 2, '(props: { component: ElementType<any, keyof IntrinsicElements>; } & GridBaseProps & { sx?: SxProps<Theme> | undefined; } & SystemProps<...> & Omit<...>): Element | null', gave the following error.
    Property 'component' is missing in type '{ children: Element; item: true; xs: number; }' but required in type '{ component: ElementType<any, keyof IntrinsicElements>; }'.
  Overload 2 of 2, '(props: DefaultComponentProps<GridTypeMap<{}, "div">>): Element | null', gave the following error.
    Type '{ children: Element; item: true; xs: number; }' is not assignable to type 'IntrinsicAttributes & GridBaseProps & { sx?: SxProps<Theme> | undefined; } & SystemProps<Theme> & Omit<...>'.
      Property 'item' does not exist on type 'IntrinsicAttributes & GridBaseProps & { sx?: SxProps<Theme> | undefined; } & SystemProps<Theme> & Omit<...>'.
src/app/dashboard/page.tsx(73,37): error TS2322: Type '{ lessons: { content: string; questions: never[]; id: string; title: string; description: string | null; order: number; unitId: string; learningContent: string | null; }[]; id: string; title: string; description: string | null; pathwayId: string; order: number; }[]' is not assignable to type 'Unit[]'.
  Type '{ lessons: { content: string; questions: never[]; id: string; title: string; description: string | null; order: number; unitId: string; learningContent: string | null; }[]; id: string; title: string; description: string | null; pathwayId: string; order: number; }' is not assignable to type 'Unit'.
    Types of property 'description' are incompatible.
      Type 'string | null' is not assignable to type 'string'.
        Type 'null' is not assignable to type 'string'.
src/app/pathway/[id]/lesson/[lessonId]/page.tsx(5,36): error TS2307: Cannot find module '@/lib/content/contentLoader' or its corresponding type declarations.
src/app/pathway/[id]/lesson/[lessonId]/page.tsx(26,49): error TS7006: Parameter 'p' implicitly has an 'any' type.
src/app/pathway/[id]/lesson/[lessonId]/page.tsx(30,55): error TS7006: Parameter 'l' implicitly has an 'any' type.
src/app/pathway/[id]/page.tsx(49,31): error TS2322: Type '{ id: string; title: string; description: string | null; pathwayId: string; order: number; lessons: { id: string; title: string; description: string | null; order: number; unitId: string; learningContent: string | null; }[]; }[]' is not assignable to type 'Unit[]'.
  Type '{ id: string; title: string; description: string | null; pathwayId: string; order: number; lessons: { id: string; title: string; description: string | null; order: number; unitId: string; learningContent: string | null; }[]; }' is not assignable to type 'Unit'.
    Types of property 'description' are incompatible.
      Type 'string | null' is not assignable to type 'string'.
        Type 'null' is not assignable to type 'string'.
src/auth.ts(13,5): error TS2322: Type 'import("C:/Users/jaimi/.gemini/antigravity/scratch/blitz-deck/node_modules/@auth/drizzle-adapter/node_modules/@auth/core/adapters").Adapter' is not assignable to type 'import("C:/Users/jaimi/.gemini/antigravity/scratch/blitz-deck/node_modules/@auth/core/adapters").Adapter'.
  Types of property 'createUser' are incompatible.
    Type '((user: import("C:/Users/jaimi/.gemini/antigravity/scratch/blitz-deck/node_modules/@auth/drizzle-adapter/node_modules/@auth/core/adapters").AdapterUser) => import("C:/Users/jaimi/.gemini/antigravity/scratch/blitz-deck/node_modules/@auth/drizzle-adapter/node_modules/@auth/core/types").Awaitable<import("C:/Users/jaimi...' is not assignable to type '((user: import("C:/Users/jaimi/.gemini/antigravity/scratch/blitz-deck/node_modules/@auth/core/adapters").AdapterUser) => import("C:/Users/jaimi/.gemini/antigravity/scratch/blitz-deck/node_modules/@auth/core/types").Awaitable<import("C:/Users/jaimi/.gemini/antigravity/scratch/blitz-deck/node_modules/@auth/core/adapte...'.
      Type '(user: import("C:/Users/jaimi/.gemini/antigravity/scratch/blitz-deck/node_modules/@auth/drizzle-adapter/node_modules/@auth/core/adapters").AdapterUser) => import("C:/Users/jaimi/.gemini/antigravity/scratch/blitz-deck/node_modules/@auth/drizzle-adapter/node_modules/@auth/core/types").Awaitable<import("C:/Users/jaimi/...' is not assignable to type '(user: import("C:/Users/jaimi/.gemini/antigravity/scratch/blitz-deck/node_modules/@auth/core/adapters").AdapterUser) => import("C:/Users/jaimi/.gemini/antigravity/scratch/blitz-deck/node_modules/@auth/core/types").Awaitable<import("C:/Users/jaimi/.gemini/antigravity/scratch/blitz-deck/node_modules/@auth/core/adapter...'.
        Type 'import("C:/Users/jaimi/.gemini/antigravity/scratch/blitz-deck/node_modules/@auth/drizzle-adapter/node_modules/@auth/core/types").Awaitable<import("C:/Users/jaimi/.gemini/antigravity/scratch/blitz-deck/node_modules/@auth/drizzle-adapter/node_modules/@auth/core/adapters").AdapterUser>' is not assignable to type 'import("C:/Users/jaimi/.gemini/antigravity/scratch/blitz-deck/node_modules/@auth/core/types").Awaitable<import("C:/Users/jaimi/.gemini/antigravity/scratch/blitz-deck/node_modules/@auth/core/adapters").AdapterUser>'.
          Type 'AdapterUser' is not assignable to type 'Awaitable<AdapterUser>'.
            Property 'role' is missing in type 'import("C:/Users/jaimi/.gemini/antigravity/scratch/blitz-deck/node_modules/@auth/drizzle-adapter/node_modules/@auth/core/adapters").AdapterUser' but required in type 'import("C:/Users/jaimi/.gemini/antigravity/scratch/blitz-deck/node_modules/@auth/core/adapters").AdapterUser'.
src/auth.ts(29,17): error TS2322: Type 'unknown' is not assignable to type 'string'.
src/auth.ts(31,17): error TS2322: Type 'unknown' is not assignable to type 'string | null | undefined'.
src/auth.ts(42,13): error TS2322: Type '(credentials: Partial<Record<"password" | "email", unknown>>) => Promise<{ password: string | null; role: "admin" | "learner" | null; id: string; name: string | null; email: string | null; emailVerified: Date | null; image: string | null; assignedAdminId: string | null; } | null>' is not assignable to type '(credentials: Partial<Record<"password" | "email", unknown>>, request: Request) => Awaitable<User | null>'.
  Type 'Promise<{ password: string | null; role: "admin" | "learner" | null; id: string; name: string | null; email: string | null; emailVerified: Date | null; image: string | null; assignedAdminId: string | null; } | null>' is not assignable to type 'Awaitable<User | null>'.
    Type 'Promise<{ password: string | null; role: "admin" | "learner" | null; id: string; name: string | null; email: string | null; emailVerified: Date | null; image: string | null; assignedAdminId: string | null; } | null>' is not assignable to type 'PromiseLike<User | null>'.
      Types of property 'then' are incompatible.
        Type '<TResult1 = { password: string | null; role: "admin" | "learner" | null; id: string; name: string | null; email: string | null; emailVerified: Date | null; image: string | null; assignedAdminId: string | null; } | null, TResult2 = never>(onfulfilled?: ((value: { ...; } | null) => TResult1 | PromiseLike<...>) | ... 1...' is not assignable to type '<TResult1 = User | null, TResult2 = never>(onfulfilled?: ((value: User | null) => TResult1 | PromiseLike<TResult1>) | null | undefined, onrejected?: ((reason: any) => TResult2 | PromiseLike<...>) | null | undefined) => PromiseLike<...>'.
          Types of parameters 'onfulfilled' and 'onfulfilled' are incompatible.
            Types of parameters 'value' and 'value' are incompatible.
              Type '{ password: string | null; role: "admin" | "learner" | null; id: string; name: string | null; email: string | null; emailVerified: Date | null; image: string | null; assignedAdminId: string | null; } | null' is not assignable to type 'User | null'.
                Type '{ password: string | null; role: "admin" | "learner" | null; id: string; name: string | null; email: string | null; emailVerified: Date | null; image: string | null; assignedAdminId: string | null; }' is not assignable to type 'User'.
                  Types of property 'role' are incompatible.
                    Type 'string | null' is not assignable to type 'string'.
                      Type 'null' is not assignable to type 'string'.
