node.exe : [1A[2K
[2m[WebServer] [22m
[baseline-browser-ma
pping] The data in 
this module is over 
two months old.  To 
ensure accurate 
Baseline data, 
please update: `npm 
i baseline-browser-m
apping@latest -D`
At line:1 char:1
+ & "C:\Program File
s\nodejs/node.exe" 
"C:\Program Files\no
dejs/node_mo ...
+ ~~~~~~~~~~~~~~~~~~
~~~~~~~~~~~~~~~~~~~~
~~~~~~~~~~~~~~~~~~~~
~~~~~~~~~~~
    + CategoryInfo  
            : NotS  
  pecified: ([1A   
 [2K[2m[We...p    
ing@latest -D`:    
String) [], Rem    
oteException
    + FullyQualifie 
   dErrorId : Nati  
  veCommandError
 


Running 2 tests using 2 workers

[1A[2K[1/2] [chromium] ΓÇ║ tests\smoke.spec.ts:4:9 ΓÇ║ Smoke Tests ΓÇ║ should load the home page and display title
[1A[2K[2/2] [chromium] ΓÇ║ tests\smoke.spec.ts:14:9 ΓÇ║ Smoke Tests ΓÇ║ should display pathway cards
[1A[2K  1) [chromium] ΓÇ║ tests\smoke.spec.ts:14:9 ΓÇ║ Smoke Tests ΓÇ║ should display pathway cards ΓöÇΓöÇΓöÇΓöÇΓöÇΓöÇΓöÇΓöÇΓöÇΓöÇΓöÇΓöÇ

    Error: [2mexpect([22m[31mlocator[39m[2m).[22mtoBeVisible[2m([22m[2m)[22m failed

    Locator: getByText('German for Beginners')
    Expected: visible
    Timeout: 5000ms
    Error: element(s) not found

    Call log:
    [2m  - Expect "toBeVisible" with timeout 5000ms[22m
    [2m  - waiting for getByText('German for Beginners')[22m


      16 |
      17 |         // Check for specific pathways
    > 18 |         await expect(page.getByText('German for Beginners')).toBeVisible();
         |                                                              ^
      19 |         await expect(page.getByText('German Mastery')).toBeVisible();
      20 |     });
      21 | });
        at C:\Users\jaimi\.gemini\antigravity\scratch\lingo-pro\tests\smoke.spec.ts:18:62

    Error Context: test-results\smoke-Smoke-Tests-should-display-pathway-cards-chromium\error-context.md


[1A[2K  2) [chromium] ΓÇ║ tests\smoke.spec.ts:4:9 ΓÇ║ Smoke Tests ΓÇ║ should load the home page and display title 

    Error: [2mexpect([22m[31mlocator[39m[2m).[22mtoBeVisible[2m([22m[2m)[22m failed

    Locator: getByText('Welcome to your language learning journey')
    Expected: visible
    Timeout: 5000ms
    Error: element(s) not found

    Call log:
    [2m  - Expect "toBeVisible" with timeout 5000ms[22m
    [2m  - waiting for getByText('Welcome to your language learning journey')[22m


       9 |
      10 |         // Check for the welcome data
    > 11 |         await expect(page.getByText('Welcome to your language learning journey')).toBeVisible();
         |                                                                                   ^
      12 |     });
      13 |
      14 |     test('should display pathway cards', async ({ page }) => {
        at C:\Users\jaimi\.gemini\antigravity\scratch\lingo-pro\tests\smoke.spec.ts:11:83

    Error Context: test-results\smoke-Smoke-Tests-should-l-c5307-home-page-and-display-title-chromium\error-context.md


[1A[2K  2 failed
    [chromium] ΓÇ║ tests\smoke.spec.ts:4:9 ΓÇ║ Smoke Tests ΓÇ║ should load the home page and display title 
    [chromium] ΓÇ║ tests\smoke.spec.ts:14:9 ΓÇ║ Smoke Tests ΓÇ║ should display pathway cards ΓöÇΓöÇΓöÇΓöÇΓöÇΓöÇΓöÇΓöÇΓöÇΓöÇΓöÇΓöÇΓöÇ

[36m  Serving HTML report at http://localhost:9323. Press Ctrl+C to quit.[39m
